]// Jest Snapshot v1, https://goo.gl/fbAQLP

exports[`SimpleOrderTable it receives an array of orders as a prop and renders them as a table 1`] = `
<DocumentFragment>
  <table
    class="MuiTable-root makeStyles-table-3"
  >
    <thead
      class="MuiTableHead-root"
    >
      <tr
        class="MuiTableRow-root MuiTableRow-head"
      >
        <th
          class="MuiTableCell-root MuiTableCell-alignLeft MuiTableCell-head"
          scope="col"
        >
           Order For
        </th>
        <th
          class="MuiTableCell-root MuiTableCell-alignLeft MuiTableCell-head"
          scope="col"
        >
          Current status
        </th>
        <th
          class="MuiTableCell-root MuiTableCell-alignLeft MuiTableCell-head"
          scope="col"
        >
          Order name
        </th>
        <th
          class="MuiTableCell-root MuiTableCell-alignRight MuiTableCell-head"
          scope="col"
        >
          Change order status
        </th>
      </tr>
    </thead>
    <tbody
      class="MuiTableBody-root"
    >
      <tr
        class="MuiTableRow-root"
        data-testid="4b76edxf"
      >
        <td
          class="MuiTableCell-root MuiTableCell-alignLeft MuiTableCell-body"
        >
          Cheese pizza
        </td>
        <td
          class="MuiTableCell-root MuiTableCell-alignLeft MuiTableCell-body"
        >
          801 Toyopa Dr, Pacific Palisades, CA 90272
        </td>
        <td
          class="MuiTableCell-root MuiTableCell-alignLeft MuiTableCell-body"
        >
          Created
        </td>
        <td
          class="MuiTableCell-root MuiTableCell-alignRight MuiTableCell-body"
        >
          <button
            class="makeStyles-button-4"
            value="4b76edxf"
          >
            Edit
          </button>
        </td>
      </tr>
      <tr
        class="MuiTableRow-root"
        data-testid="4b76edzf"
      >
        <td
          class="MuiTableCell-root MuiTableCell-alignLeft MuiTableCell-body"
        >
          Cheese pizza
        </td>
        <td
          class="MuiTableCell-root MuiTableCell-alignLeft MuiTableCell-body"
        >
          801 Toyopa Dr, Pacific Palisades, CA 90272
        </td>
        <td
          class="MuiTableCell-root MuiTableCell-alignLeft MuiTableCell-body"
        >
          Cancelled
        </td>
        <td
          class="MuiTableCell-root MuiTableCell-alignRight MuiTableCell-body"
        >
          <button
            class="makeStyles-button-4"
            value="4b76edzf"
          >
            Edit
          </button>
        </td>
      </tr>
      <tr
        class="MuiTableRow-root"
        data-testid="4b76edbf"
      >
        <td
          class="MuiTableCell-root MuiTableCell-alignLeft MuiTableCell-body"
        >
          Cheese pizza
        </td>
        <td
          class="MuiTableCell-root MuiTableCell-alignLeft MuiTableCell-body"
        >
          801 Toyopa Dr, Pacific Palisades, CA 90272
        </td>
        <td
          class="MuiTableCell-root MuiTableCell-alignLeft MuiTableCell-body"
        >
          Delivered
        </td>
        <td
          class="MuiTableCell-root MuiTableCell-alignRight MuiTableCell-body"
        >
          <button
            class="makeStyles-button-4"
            value="4b76edbf"
          >
            Edit
          </button>
        </td>
      </tr>
    </tbody>
  </table>
</DocumentFragment>
`;
